---
source: crates/die/src/lib.rs
expression: "e(Die::of_count_base(80, 4), next_state)"
---
[
    (
        Number(
            80,
        ),
        1/1461501637330902918203684832716283019655932542976,
    ),
    (
        Number(
            81,
        ),
        5/91343852333181432387730302044767688728495783936,
    ),
    (
        Number(
            82,
        ),
        405/182687704666362864775460604089535377456991567872,
    ),
    (
        Number(
            83,
        ),
        5535/91343852333181432387730302044767688728495783936,
    ),
    (
        Number(
            84,
        ),
        459385/365375409332725729550921208179070754913983135744,
    ),
    (
        Number(
            85,
        ),
        1929101/91343852333181432387730302044767688728495783936,
    ),
    (
        Number(
            86,
        ),
        54636795/182687704666362864775460604089535377456991567872,
    ),
    (
        Number(
            87,
        ),
        335382255/91343852333181432387730302044767688728495783936,
    ),
    (
        Number(
            88,
        ),
        29143276565/730750818665451459101842416358141509827966271488,
    ),
    (
        Number(
            89,
        ),
        35555053235/91343852333181432387730302044767688728495783936,
    ),
    (
        Number(
            90,
        ),
        631255019967/182687704666362864775460604089535377456991567872,
    ),
    (
        Number(
            91,
        ),
        2573444887065/91343852333181432387730302044767688728495783936,
    ),
    (
        Number(
            92,
        ),
        77708347000765/365375409332725729550921208179070754913983135744,
    ),
    (
        Number(
            93,
        ),
        136698424190915/91343852333181432387730302044767688728495783936,
    ),
    (
        Number(
            94,
        ),
        1803331734136785/182687704666362864775460604089535377456991567872,
    ),
    (
        Number(
            95,
        ),
        5602266090774801/91343852333181432387730302044767688728495783936,
    ),
    (
        Number(
            96,
        ),
        526821054783685075/1461501637330902918203684832716283019655932542976,
    ),
    (
        Number(
            97,
        ),
        91864390831015975/45671926166590716193865151022383844364247891968,
    ),
    (
        Number(
            98,
        ),
        976489589343639375/91343852333181432387730302044767688728495783936,
    ),
    (
        Number(
            99,
        ),
        2478712239051257925/45671926166590716193865151022383844364247891968,
    ),
    (
        Number(
            100,
        ),
        48203593316168338295/182687704666362864775460604089535377456991567872,
    ),
    (
        Number(
            101,
        ),
        56235365231709352975/45671926166590716193865151022383844364247891968,
    ),
    (
        Number(
            102,
        ),
        504800701778824697025/91343852333181432387730302044767688728495783936,
    ),
    (
        Number(
            103,
        ),
        1091614510920990212325/45671926166590716193865151022383844364247891968,
    ),
    (
        Number(
            104,
        ),
        36456273510326564832925/365375409332725729550921208179070754913983135744,
    ),
    (
        Number(
            105,
        ),
        18390735162494140195789/45671926166590716193865151022383844364247891968,
    ),
    (
        Number(
            106,
        ),
        143702110190968014538665/91343852333181432387730302044767688728495783936,
    ),
    (
        Number(
            107,
        ),
        272112059513765280350535/45671926166590716193865151022383844364247891968,
    ),
    (
        Number(
            108,
        ),
        4000569799565808139251935/182687704666362864775460604089535377456991567872,
    ),
    (
        Number(
            109,
        ),
        3571532313797236746639085/45671926166590716193865151022383844364247891968,
    ),
    (
        Number(
            110,
        ),
        24808454671050849825904743/91343852333181432387730302044767688728495783936,
    ),
    (
        Number(
            111,
        ),
        41939106427764422285086815/45671926166590716193865151022383844364247891968,
    ),
    (
        Number(
            112,
        ),
        4421159086789978884193909165/1461501637330902918203684832716283019655932542976,
    ),
    (
        Number(
            113,
        ),
        887683096959207153502246115/91343852333181432387730302044767688728495783936,
    ),
    (
        Number(
            114,
        ),
        5565936749306358576666066435/182687704666362864775460604089535377456991567872,
    ),
    (
        Number(
            115,
        ),
        8520781905032436607217874393/91343852333181432387730302044767688728495783936,
    ),
    (
        Number(
            116,
        ),
        101982178000368457603303497655/365375409332725729550921208179070754913983135744,
    ),
    (
        Number(
            117,
        ),
        74599815711126014673923719355/91343852333181432387730302044767688728495783936,
    ),
    (
        Number(
            118,
        ),
        427157888637973174797936453165/182687704666362864775460604089535377456991567872,
    ),
    (
        Number(
            119,
        ),
        598645745432941738805583625065/91343852333181432387730302044767688728495783936,
    ),
    (
        Number(
            120,
        ),
        13148973871805111186501913459959/730750818665451459101842416358141509827966271488,
    ),
    (
        Number(
            121,
        ),
        4422535397776751145916506529325/91343852333181432387730302044767688728495783936,
    ),
    (
        Number(
            122,
        ),
        23335299210590059618485465008625/182687704666362864775460604089535377456991567872,
    ),
    (
        Number(
            123,
        ),
        30194808003064472064600836015175/91343852333181432387730302044767688728495783936,
    ),
    (
        Number(
            124,
        ),
        306734099426888405628932560673275/365375409332725729550921208179070754913983135744,
    ),
    (
        Number(
            125,
        ),
        191190978956643439654416708793085/91343852333181432387730302044767688728495783936,
    ),
    (
        Number(
            126,
        ),
        936319579281129789037825815750975/182687704666362864775460604089535377456991567872,
    ),
    (
        Number(
            127,
        ),
        1126263112759802847866354379828975/91343852333181432387730302044767688728495783936,
    ),
    (
        Number(
            128,
        ),
        42606379878881120895785674748937775/1461501637330902918203684832716283019655932542976,
    ),
    (
        Number(
            129,
        ),
        1547466789234130373148665808910175/22835963083295358096932575511191922182123945984,
    ),
    (
        Number(
            130,
        ),
        7074993217798419621791406788544183/45671926166590716193865151022383844364247891968,
    ),
    (
        Number(
            131,
        ),
        7955153951149178988896667271843245/22835963083295358096932575511191922182123945984,
    ),
    (
        Number(
            132,
        ),
        70414634485073705472917376442709815/91343852333181432387730302044767688728495783936,
    ),
    (
        Number(
            133,
        ),
        38342237316257100229629094578143015/22835963083295358096932575511191922182123945984,
    ),
    (
        Number(
            134,
        ),
        164442949459375058624823141923755545/45671926166590716193865151022383844364247891968,
    ),
    (
        Number(
            135,
        ),
        173633919211088175344002375594136109/22835963083295358096932575511191922182123945984,
    ),
    (
        Number(
            136,
        ),
        2889474668537737176236618085417884345/182687704666362864775460604089535377456991567872,
    ),
    (
        Number(
            137,
        ),
        740231224956128954244537822676266845/22835963083295358096932575511191922182123945984,
    ),
    (
        Number(
            138,
        ),
        2990026342035615919908304983341441865/45671926166590716193865151022383844364247891968,
    ),
    (
        Number(
            139,
        ),
        2976135988292220550163067229102079415/22835963083295358096932575511191922182123945984,
    ),
    (
        Number(
            140,
        ),
        23363500890994976139699892500754269031/91343852333181432387730302044767688728495783936,
    ),
    (
        Number(
            141,
        ),
        11303272727831642704534836166018894685/22835963083295358096932575511191922182123945984,
    ),
    (
        Number(
            142,
        ),
        43146139289824759176070140907764261255/45671926166590716193865151022383844364247891968,
    ),
    (
        Number(
            143,
        ),
        40614234821563958517778971605391921135/22835963083295358096932575511191922182123945984,
    ),
    (
        Number(
            144,
        ),
        4827888635449864538541415095489493609405/1461501637330902918203684832716283019655932542976,
    ),
    (
        Number(
            145,
        ),
        553019035898373764771086557562240554101/91343852333181432387730302044767688728495783936,
    ),
    (
        Number(
            146,
        ),
        2000530169843699282830372752514789397925/182687704666362864775460604089535377456991567872,
    ),
    (
        Number(
            147,
        ),
        1785780516256715112791364153528370270575/91343852333181432387730302044767688728495783936,
    ),
    (
        Number(
            148,
        ),
        12589317410365092446720905937497412481625/365375409332725729550921208179070754913983135744,
    ),
    (
        Number(
            149,
        ),
        5476690797382197397623217587817642756925/91343852333181432387730302044767688728495783936,
    ),
    (
        Number(
            150,
        ),
        18821083672057514633181206531109788977515/182687704666362864775460604089535377456991567872,
    ),
    (
        Number(
            151,
        ),
        15969365205179810021952363217737227781375/91343852333181432387730302044767688728495783936,
    ),
    (
        Number(
            152,
        ),
        214131908715729133742699530041821385050525/730750818665451459101842416358141509827966271488,
    ),
    (
        Number(
            153,
        ),
        44317774302761931089272087829654338639475/91343852333181432387730302044767688728495783936,
    ),
    (
        Number(
            154,
        ),
        144986436099128158986609427812573164894175/182687704666362864775460604089535377456991567872,
    ),
    (
        Number(
            155,
        ),
        117165010075573123870975867406611947231705/91343852333181432387730302044767688728495783936,
    ),
    (
        Number(
            156,
        ),
        748490005852716786720395968448735809442125/365375409332725729550921208179070754913983135744,
    ),
    (
        Number(
            157,
        ),
        295342728032520383268076976707199013121475/91343852333181432387730302044767688728495783936,
    ),
    (
        Number(
            158,
        ),
        921449871012158438708809343324000521304625/182687704666362864775460604089535377456991567872,
    ),
    (
        Number(
            159,
        ),
        710417551109781500069562444511641605031825/91343852333181432387730302044767688728495783936,
    ),
    (
        Number(
            160,
        ),
        17326145386381819991965458544813820423464375/1461501637330902918203684832716283019655932542976,
    ),
    (
        Number(
            161,
        ),
        815933711060969969389185893917821063168225/45671926166590716193865151022383844364247891968,
    ),
    (
        Number(
            162,
        ),
        2431415673639780262588396030519606809769625/91343852333181432387730302044767688728495783936,
    ),
    (
        Number(
            163,
        ),
        1791061137735975268421500991723582642142675/45671926166590716193865151022383844364247891968,
    ),
    (
        Number(
            164,
        ),
        10437404186544653788979214254667974604682625/182687704666362864775460604089535377456991567872,
    ),
    (
        Number(
            165,
        ),
        3759484019254918619105407629636433256612985/45671926166590716193865151022383844364247891968,
    ),
    (
        Number(
            166,
        ),
        10714182745874928977610550892816554093541975/91343852333181432387730302044767688728495783936,
    ),
    (
        Number(
            167,
        ),
        7550316281399259853681187074440618868367475/45671926166590716193865151022383844364247891968,
    ),
    (
        Number(
            168,
        ),
        84208415510189994468832750555161393105226675/365375409332725729550921208179070754913983135744,
    ),
    (
        Number(
            169,
        ),
        14516367915329500068830408141863802803239675/45671926166590716193865151022383844364247891968,
    ),
    (
        Number(
            170,
        ),
        39609484875729582382516504535757622212846815/91343852333181432387730302044767688728495783936,
    ),
    (
        Number(
            171,
        ),
        26731588926410510855848337537819872054561425/45671926166590716193865151022383844364247891968,
    ),
    (
        Number(
            172,
        ),
        142793741203251055407266851098127496006028425/182687704666362864775460604089535377456991567872,
    ),
    (
        Number(
            173,
        ),
        47169997612820330769037339537602261824840475/45671926166590716193865151022383844364247891968,
    ),
    (
        Number(
            174,
        ),
        123346603862207867222286241442861680095940625/91343852333181432387730302044767688728495783936,
    ),
    (
        Number(
            175,
        ),
        79792968816250485695140753153158285619113465/45671926166590716193865151022383844364247891968,
    ),
    (
        Number(
            176,
        ),
        3269177681431230318652274527448197882376962825/1461501637330902918203684832716283019655932542976,
    ),
    (
        Number(
            177,
        ),
        258891880706842076661544480753816335485722875/91343852333181432387730302044767688728495783936,
    ),
    (
        Number(
            178,
        ),
        649296116539209118835788986763139115424356475/182687704666362864775460604089535377456991567872,
    ),
    (
        Number(
            179,
        ),
        402920429985446885131572445996524828668424225/91343852333181432387730302044767688728495783936,
    ),
    (
        Number(
            180,
        ),
        1979769215362816353160417714540763072316534463/365375409332725729550921208179070754913983135744,
    ),
    (
        Number(
            181,
        ),
        601775489372099264005592561319476003785351635/91343852333181432387730302044767688728495783936,
    ),
    (
        Number(
            182,
        ),
        1448451638854434736408637976782597075441244085/182687704666362864775460604089535377456991567872,
    ),
    (
        Number(
            183,
        ),
        862754450322850940159704498855992465286997745/91343852333181432387730302044767688728495783936,
    ),
    (
        Number(
            184,
        ),
        8139118322467294879150358759724204077873769815/730750818665451459101842416358141509827966271488,
    ),
    (
        Number(
            185,
        ),
        1187645826494824912036648576701125299935080037/91343852333181432387730302044767688728495783936,
    ),
    (
        Number(
            186,
        ),
        2744906458285490946321053080071929505491661865/182687704666362864775460604089535377456991567872,
    ),
    (
        Number(
            187,
        ),
        1570109794219140194442972715821853058400858735/91343852333181432387730302044767688728495783936,
    ),
    (
        Number(
            188,
        ),
        7113025796540475312061323247755702946766203315/365375409332725729550921208179070754913983135744,
    ),
    (
        Number(
            189,
        ),
        1993884139660174280041824289624656590236912245/91343852333181432387730302044767688728495783936,
    ),
    (
        Number(
            190,
        ),
        4426750871564123105390903073200282799243716359/182687704666362864775460604089535377456991567872,
    ),
    (
        Number(
            191,
        ),
        2432582696712096639633271710349472444655058455/91343852333181432387730302044767688728495783936,
    ),
    (
        Number(
            192,
        ),
        42351075783787273213088590821429062502545942995/1461501637330902918203684832716283019655932542976,
    ),
    (
        Number(
            193,
        ),
        356452662857285609254714415843234963201158785/11417981541647679048466287755595961091061972992,
    ),
    (
        Number(
            194,
        ),
        760423009282672994098055301133234874085601865/22835963083295358096932575511191922182123945984,
    ),
    (
        Number(
            195,
        ),
        401540519828471790855593289102574894900392819/11417981541647679048466287755595961091061972992,
    ),
    (
        Number(
            196,
        ),
        1679493075944146157229594400674659348586284825/45671926166590716193865151022383844364247891968,
    ),
    (
        Number(
            197,
        ),
        434705429859763365825750704059296864962684025/11417981541647679048466287755595961091061972992,
    ),
    (
        Number(
            198,
        ),
        891235388290395543235964805000832723616591975/22835963083295358096932575511191922182123945984,
    ),
    (
        Number(
            199,
        ),
        452295348409418825908751053785280531519789875/11417981541647679048466287755595961091061972992,
    ),
    (
        Number(
            200,
        ),
        3636346162592124412938753760445670723805784095/91343852333181432387730302044767688728495783936,
    ),
    (
        Number(
            201,
        ),
        452295348409418825908751053785280531519789875/11417981541647679048466287755595961091061972992,
    ),
    (
        Number(
            202,
        ),
        891235388290395543235964805000832723616591975/22835963083295358096932575511191922182123945984,
    ),
    (
        Number(
            203,
        ),
        434705429859763365825750704059296864962684025/11417981541647679048466287755595961091061972992,
    ),
    (
        Number(
            204,
        ),
        1679493075944146157229594400674659348586284825/45671926166590716193865151022383844364247891968,
    ),
    (
        Number(
            205,
        ),
        401540519828471790855593289102574894900392819/11417981541647679048466287755595961091061972992,
    ),
    (
        Number(
            206,
        ),
        760423009282672994098055301133234874085601865/22835963083295358096932575511191922182123945984,
    ),
    (
        Number(
            207,
        ),
        356452662857285609254714415843234963201158785/11417981541647679048466287755595961091061972992,
    ),
    (
        Number(
            208,
        ),
        42351075783787273213088590821429062502545942995/1461501637330902918203684832716283019655932542976,
    ),
    (
        Number(
            209,
        ),
        2432582696712096639633271710349472444655058455/91343852333181432387730302044767688728495783936,
    ),
    (
        Number(
            210,
        ),
        4426750871564123105390903073200282799243716359/182687704666362864775460604089535377456991567872,
    ),
    (
        Number(
            211,
        ),
        1993884139660174280041824289624656590236912245/91343852333181432387730302044767688728495783936,
    ),
    (
        Number(
            212,
        ),
        7113025796540475312061323247755702946766203315/365375409332725729550921208179070754913983135744,
    ),
    (
        Number(
            213,
        ),
        1570109794219140194442972715821853058400858735/91343852333181432387730302044767688728495783936,
    ),
    (
        Number(
            214,
        ),
        2744906458285490946321053080071929505491661865/182687704666362864775460604089535377456991567872,
    ),
    (
        Number(
            215,
        ),
        1187645826494824912036648576701125299935080037/91343852333181432387730302044767688728495783936,
    ),
    (
        Number(
            216,
        ),
        8139118322467294879150358759724204077873769815/730750818665451459101842416358141509827966271488,
    ),
    (
        Number(
            217,
        ),
        862754450322850940159704498855992465286997745/91343852333181432387730302044767688728495783936,
    ),
    (
        Number(
            218,
        ),
        1448451638854434736408637976782597075441244085/182687704666362864775460604089535377456991567872,
    ),
    (
        Number(
            219,
        ),
        601775489372099264005592561319476003785351635/91343852333181432387730302044767688728495783936,
    ),
    (
        Number(
            220,
        ),
        1979769215362816353160417714540763072316534463/365375409332725729550921208179070754913983135744,
    ),
    (
        Number(
            221,
        ),
        402920429985446885131572445996524828668424225/91343852333181432387730302044767688728495783936,
    ),
    (
        Number(
            222,
        ),
        649296116539209118835788986763139115424356475/182687704666362864775460604089535377456991567872,
    ),
    (
        Number(
            223,
        ),
        258891880706842076661544480753816335485722875/91343852333181432387730302044767688728495783936,
    ),
    (
        Number(
            224,
        ),
        3269177681431230318652274527448197882376962825/1461501637330902918203684832716283019655932542976,
    ),
    (
        Number(
            225,
        ),
        79792968816250485695140753153158285619113465/45671926166590716193865151022383844364247891968,
    ),
    (
        Number(
            226,
        ),
        123346603862207867222286241442861680095940625/91343852333181432387730302044767688728495783936,
    ),
    (
        Number(
            227,
        ),
        47169997612820330769037339537602261824840475/45671926166590716193865151022383844364247891968,
    ),
    (
        Number(
            228,
        ),
        142793741203251055407266851098127496006028425/182687704666362864775460604089535377456991567872,
    ),
    (
        Number(
            229,
        ),
        26731588926410510855848337537819872054561425/45671926166590716193865151022383844364247891968,
    ),
    (
        Number(
            230,
        ),
        39609484875729582382516504535757622212846815/91343852333181432387730302044767688728495783936,
    ),
    (
        Number(
            231,
        ),
        14516367915329500068830408141863802803239675/45671926166590716193865151022383844364247891968,
    ),
    (
        Number(
            232,
        ),
        84208415510189994468832750555161393105226675/365375409332725729550921208179070754913983135744,
    ),
    (
        Number(
            233,
        ),
        7550316281399259853681187074440618868367475/45671926166590716193865151022383844364247891968,
    ),
    (
        Number(
            234,
        ),
        10714182745874928977610550892816554093541975/91343852333181432387730302044767688728495783936,
    ),
    (
        Number(
            235,
        ),
        3759484019254918619105407629636433256612985/45671926166590716193865151022383844364247891968,
    ),
    (
        Number(
            236,
        ),
        10437404186544653788979214254667974604682625/182687704666362864775460604089535377456991567872,
    ),
    (
        Number(
            237,
        ),
        1791061137735975268421500991723582642142675/45671926166590716193865151022383844364247891968,
    ),
    (
        Number(
            238,
        ),
        2431415673639780262588396030519606809769625/91343852333181432387730302044767688728495783936,
    ),
    (
        Number(
            239,
        ),
        815933711060969969389185893917821063168225/45671926166590716193865151022383844364247891968,
    ),
    (
        Number(
            240,
        ),
        17326145386381819991965458544813820423464375/1461501637330902918203684832716283019655932542976,
    ),
    (
        Number(
            241,
        ),
        710417551109781500069562444511641605031825/91343852333181432387730302044767688728495783936,
    ),
    (
        Number(
            242,
        ),
        921449871012158438708809343324000521304625/182687704666362864775460604089535377456991567872,
    ),
    (
        Number(
            243,
        ),
        295342728032520383268076976707199013121475/91343852333181432387730302044767688728495783936,
    ),
    (
        Number(
            244,
        ),
        748490005852716786720395968448735809442125/365375409332725729550921208179070754913983135744,
    ),
    (
        Number(
            245,
        ),
        117165010075573123870975867406611947231705/91343852333181432387730302044767688728495783936,
    ),
    (
        Number(
            246,
        ),
        144986436099128158986609427812573164894175/182687704666362864775460604089535377456991567872,
    ),
    (
        Number(
            247,
        ),
        44317774302761931089272087829654338639475/91343852333181432387730302044767688728495783936,
    ),
    (
        Number(
            248,
        ),
        214131908715729133742699530041821385050525/730750818665451459101842416358141509827966271488,
    ),
    (
        Number(
            249,
        ),
        15969365205179810021952363217737227781375/91343852333181432387730302044767688728495783936,
    ),
    (
        Number(
            250,
        ),
        18821083672057514633181206531109788977515/182687704666362864775460604089535377456991567872,
    ),
    (
        Number(
            251,
        ),
        5476690797382197397623217587817642756925/91343852333181432387730302044767688728495783936,
    ),
    (
        Number(
            252,
        ),
        12589317410365092446720905937497412481625/365375409332725729550921208179070754913983135744,
    ),
    (
        Number(
            253,
        ),
        1785780516256715112791364153528370270575/91343852333181432387730302044767688728495783936,
    ),
    (
        Number(
            254,
        ),
        2000530169843699282830372752514789397925/182687704666362864775460604089535377456991567872,
    ),
    (
        Number(
            255,
        ),
        553019035898373764771086557562240554101/91343852333181432387730302044767688728495783936,
    ),
    (
        Number(
            256,
        ),
        4827888635449864538541415095489493609405/1461501637330902918203684832716283019655932542976,
    ),
    (
        Number(
            257,
        ),
        40614234821563958517778971605391921135/22835963083295358096932575511191922182123945984,
    ),
    (
        Number(
            258,
        ),
        43146139289824759176070140907764261255/45671926166590716193865151022383844364247891968,
    ),
    (
        Number(
            259,
        ),
        11303272727831642704534836166018894685/22835963083295358096932575511191922182123945984,
    ),
    (
        Number(
            260,
        ),
        23363500890994976139699892500754269031/91343852333181432387730302044767688728495783936,
    ),
    (
        Number(
            261,
        ),
        2976135988292220550163067229102079415/22835963083295358096932575511191922182123945984,
    ),
    (
        Number(
            262,
        ),
        2990026342035615919908304983341441865/45671926166590716193865151022383844364247891968,
    ),
    (
        Number(
            263,
        ),
        740231224956128954244537822676266845/22835963083295358096932575511191922182123945984,
    ),
    (
        Number(
            264,
        ),
        2889474668537737176236618085417884345/182687704666362864775460604089535377456991567872,
    ),
    (
        Number(
            265,
        ),
        173633919211088175344002375594136109/22835963083295358096932575511191922182123945984,
    ),
    (
        Number(
            266,
        ),
        164442949459375058624823141923755545/45671926166590716193865151022383844364247891968,
    ),
    (
        Number(
            267,
        ),
        38342237316257100229629094578143015/22835963083295358096932575511191922182123945984,
    ),
    (
        Number(
            268,
        ),
        70414634485073705472917376442709815/91343852333181432387730302044767688728495783936,
    ),
    (
        Number(
            269,
        ),
        7955153951149178988896667271843245/22835963083295358096932575511191922182123945984,
    ),
    (
        Number(
            270,
        ),
        7074993217798419621791406788544183/45671926166590716193865151022383844364247891968,
    ),
    (
        Number(
            271,
        ),
        1547466789234130373148665808910175/22835963083295358096932575511191922182123945984,
    ),
    (
        Number(
            272,
        ),
        42606379878881120895785674748937775/1461501637330902918203684832716283019655932542976,
    ),
    (
        Number(
            273,
        ),
        1126263112759802847866354379828975/91343852333181432387730302044767688728495783936,
    ),
    (
        Number(
            274,
        ),
        936319579281129789037825815750975/182687704666362864775460604089535377456991567872,
    ),
    (
        Number(
            275,
        ),
        191190978956643439654416708793085/91343852333181432387730302044767688728495783936,
    ),
    (
        Number(
            276,
        ),
        306734099426888405628932560673275/365375409332725729550921208179070754913983135744,
    ),
    (
        Number(
            277,
        ),
        30194808003064472064600836015175/91343852333181432387730302044767688728495783936,
    ),
    (
        Number(
            278,
        ),
        23335299210590059618485465008625/182687704666362864775460604089535377456991567872,
    ),
    (
        Number(
            279,
        ),
        4422535397776751145916506529325/91343852333181432387730302044767688728495783936,
    ),
    (
        Number(
            280,
        ),
        13148973871805111186501913459959/730750818665451459101842416358141509827966271488,
    ),
    (
        Number(
            281,
        ),
        598645745432941738805583625065/91343852333181432387730302044767688728495783936,
    ),
    (
        Number(
            282,
        ),
        427157888637973174797936453165/182687704666362864775460604089535377456991567872,
    ),
    (
        Number(
            283,
        ),
        74599815711126014673923719355/91343852333181432387730302044767688728495783936,
    ),
    (
        Number(
            284,
        ),
        101982178000368457603303497655/365375409332725729550921208179070754913983135744,
    ),
    (
        Number(
            285,
        ),
        8520781905032436607217874393/91343852333181432387730302044767688728495783936,
    ),
    (
        Number(
            286,
        ),
        5565936749306358576666066435/182687704666362864775460604089535377456991567872,
    ),
    (
        Number(
            287,
        ),
        887683096959207153502246115/91343852333181432387730302044767688728495783936,
    ),
    (
        Number(
            288,
        ),
        4421159086789978884193909165/1461501637330902918203684832716283019655932542976,
    ),
    (
        Number(
            289,
        ),
        41939106427764422285086815/45671926166590716193865151022383844364247891968,
    ),
    (
        Number(
            290,
        ),
        24808454671050849825904743/91343852333181432387730302044767688728495783936,
    ),
    (
        Number(
            291,
        ),
        3571532313797236746639085/45671926166590716193865151022383844364247891968,
    ),
    (
        Number(
            292,
        ),
        4000569799565808139251935/182687704666362864775460604089535377456991567872,
    ),
    (
        Number(
            293,
        ),
        272112059513765280350535/45671926166590716193865151022383844364247891968,
    ),
    (
        Number(
            294,
        ),
        143702110190968014538665/91343852333181432387730302044767688728495783936,
    ),
    (
        Number(
            295,
        ),
        18390735162494140195789/45671926166590716193865151022383844364247891968,
    ),
    (
        Number(
            296,
        ),
        36456273510326564832925/365375409332725729550921208179070754913983135744,
    ),
    (
        Number(
            297,
        ),
        1091614510920990212325/45671926166590716193865151022383844364247891968,
    ),
    (
        Number(
            298,
        ),
        504800701778824697025/91343852333181432387730302044767688728495783936,
    ),
    (
        Number(
            299,
        ),
        56235365231709352975/45671926166590716193865151022383844364247891968,
    ),
    (
        Number(
            300,
        ),
        48203593316168338295/182687704666362864775460604089535377456991567872,
    ),
    (
        Number(
            301,
        ),
        2478712239051257925/45671926166590716193865151022383844364247891968,
    ),
    (
        Number(
            302,
        ),
        976489589343639375/91343852333181432387730302044767688728495783936,
    ),
    (
        Number(
            303,
        ),
        91864390831015975/45671926166590716193865151022383844364247891968,
    ),
    (
        Number(
            304,
        ),
        526821054783685075/1461501637330902918203684832716283019655932542976,
    ),
    (
        Number(
            305,
        ),
        5602266090774801/91343852333181432387730302044767688728495783936,
    ),
    (
        Number(
            306,
        ),
        1803331734136785/182687704666362864775460604089535377456991567872,
    ),
    (
        Number(
            307,
        ),
        136698424190915/91343852333181432387730302044767688728495783936,
    ),
    (
        Number(
            308,
        ),
        77708347000765/365375409332725729550921208179070754913983135744,
    ),
    (
        Number(
            309,
        ),
        2573444887065/91343852333181432387730302044767688728495783936,
    ),
    (
        Number(
            310,
        ),
        631255019967/182687704666362864775460604089535377456991567872,
    ),
    (
        Number(
            311,
        ),
        35555053235/91343852333181432387730302044767688728495783936,
    ),
    (
        Number(
            312,
        ),
        29143276565/730750818665451459101842416358141509827966271488,
    ),
    (
        Number(
            313,
        ),
        335382255/91343852333181432387730302044767688728495783936,
    ),
    (
        Number(
            314,
        ),
        54636795/182687704666362864775460604089535377456991567872,
    ),
    (
        Number(
            315,
        ),
        1929101/91343852333181432387730302044767688728495783936,
    ),
    (
        Number(
            316,
        ),
        459385/365375409332725729550921208179070754913983135744,
    ),
    (
        Number(
            317,
        ),
        5535/91343852333181432387730302044767688728495783936,
    ),
    (
        Number(
            318,
        ),
        405/182687704666362864775460604089535377456991567872,
    ),
    (
        Number(
            319,
        ),
        5/91343852333181432387730302044767688728495783936,
    ),
    (
        Number(
            320,
        ),
        1/1461501637330902918203684832716283019655932542976,
    ),
]

