---
source: crates/interpreter/src/test.rs
expression: "e(r#\"\"hi there\"\"#)"
---
"hi there" 0..10

