---
source: crates/interpreter/src/test.rs
expression: "e(\"()\")"
---
() 0..2

