---
source: crates/interpreter/src/test.rs
expression: "e(r#\"1=1 or 1<=0\"#)"
---
true 0..3

