---
source: crates/interpreter/src/test.rs
expression: "e(indoc! {\n            r#\"\n        foo bar baz bil is\n            barbaz is bar + baz.\n            barbaz + bil.\n        \n        foo 3 5 \"a\"\n    \"#\n        })"
---
ꡃꡨꡀꡃꡕ: kaathe.encyc.sim.pat_err
   ╭─[<unknown>:1:1]
   │
 1 │ ╭─▶ foo bar baz bil is
   ┆ ┆   
 5 │ ├─▶ foo 3 5 "a"
   │ │           ─┬─   
   │ ╰───────────────── 「argument type is invalid」
   │              │    
   │              ╰──── expected one of (Number, Decimal, List) but this is type String
───╯

