---
source: crates/interpreter/src/test.rs
expression: "e(r#\"1 > (1 / 10)\"#)"
---
true 0..11

