---
source: crates/interpreter/src/test.rs
expression: "e(r#\"10 - 4\"#)"
---
6 0..6

