---
source: crates/interpreter/src/test.rs
expression: "e(r#\"0 - 12\"#)"
---
-12 0..6

