---
source: crates/interpreter/src/test.rs
expression: "e(r#\"5 / 2\"#)"
---
2.5 0..5

