---
source: crates/interpreter/src/test.rs
expression: "e(r#\"foo bar is bar. foo 1\"#)"
---
1 20..21

