---
source: crates/interpreter/src/test.rs
expression: "e(r#\"1 + 2\"#)"
---
3 0..5

